63
7
213
324
353
431
564
1077
1124
1204
1665
1831
2386
2484
2579
2618
2707
2720
2814
2904
2954
3128
3359
3374
3388
3497
3691
3861
4551
4710
4800
4903
5726
5975
5982
6134
6228
6300
6306
6366
6374
6539
6632
7216
7275
7295
7299
7323
7461
7554
7662
7831
8202
8203
8237
8417
8578
8854
8893
9012
9091
9268
9296
9356
