62
160
268
286
288
330
340
424
469
571
641
670
740
794
1344
1568
1644
2008
2355
2522
2554
2649
2667
2770
2782
2850
2912
3409
3482
4037
4303
5054
5308
5436
5439
5592
5839
6184
6264
6446
6447
6658
6696
6713
6759
6858
7026
7077
7130
7613
7891
7931
7946
7981
8059
8120
8206
8327
8831
9016
9598
9687
9997
