63
15
120
145
158
160
399
464
543
700
781
1242
1449
1494
1556
1604
1942
2084
2231
2282
2297
2408
2523
2674
2722
3476
3741
3934
4047
4201
4205
4230
4505
4640
4656
4828
4828
4857
4921
5296
5536
5538
5568
5587
5670
5880
6024
6109
6143
6284
6324
6903
7038
7265
7307
7543
7642
8621
8950
9242
9286
9500
9566
9767
