125
7
50
71
213
228
265
324
353
393
431
514
564
613
634
1077
1124
1204
1212
1267
1378
1418
1482
1561
1573
1665
1684
1769
1831
2091
2140
2386
2469
2484
2539
2579
2618
2671
2707
2720
2720
2770
2814
2904
2954
3128
3207
3359
3374
3388
3497
3691
3794
3796
3818
3861
3950
4058
4263
4551
4710
4800
4813
4825
4903
4991
5340
5386
5562
5726
5975
5982
6027
6134
6228
6300
6306
6366
6374
6539
6632
6658
6663
6719
6873
7016
7216
7217
7275
7295
7299
7323
7461
7554
7662
7760
7831
7983
8119
8174
8188
8201
8202
8203
8237
8243
8417
8433
8578
8854
8893
9012
9068
9091
9191
9225
9226
9255
9268
9296
9356
9520
9593
9801
9828
9929
