63
163
207
1034
1126
1169
1179
1192
1357
1729
1882
1972
1979
2046
2115
2160
2317
2357
2673
2959
3318
3455
3475
3515
3953
4258
4488
4517
4665
4738
4876
4964
5016
5218
5298
5358
5416
5467
5485
5674
5719
5844
6011
6075
6215
6380
6692
6869
7128
7180
7215
7442
7508
7559
7587
8012
8269
8704
9081
9227
9313
9367
9809
9998
