62
113
234
346
433
529
616
935
1106
1125
1250
1255
1300
1308
1320
1534
1887
1972
2097
2248
2306
2455
2585
3129
3175
3235
3318
3816
3911
4101
4132
4380
4608
4635
4788
4967
5145
5216
5695
5900
5982
6080
6207
6231
6656
6812
6934
7290
7485
7603
7887
8004
8058
8089
8181
8728
9021
9049
9075
9153
9362
9814
9839
