125
22
151
163
207
432
453
959
1034
1046
1126
1137
1169
1179
1192
1219
1357
1496
1561
1689
1692
1729
1882
1882
1972
1975
1979
1979
2046
2115
2160
2317
2357
2357
2556
2589
2629
2673
2957
2959
3089
3261
3318
3343
3455
3475
3515
3686
3953
4114
4258
4488
4517
4665
4738
4759
4762
4828
4839
4865
4876
4894
4964
4969
5016
5105
5192
5218
5262
5298
5358
5374
5416
5467
5475
5485
5489
5522
5617
5620
5628
5674
5719
5739
5844
6011
6075
6215
6320
6380
6692
6869
7046
7128
7130
7180
7215
7406
7442
7508
7559
7587
7651
7760
7777
8012
8054
8149
8196
8214
8269
8653
8704
8793
8822
8838
8944
9081
9183
9227
9313
9367
9464
9682
9809
9998
