63
24
192
832
878
958
1048
1171
1188
1231
1430
1942
1954
2105
2368
2373
2436
2894
3082
3307
3384
3616
3690
3826
3848
4121
4321
4496
4655
5092
5111
5170
5468
5488
5766
5805
5852
6345
6456
6520
6751
6905
6908
6915
6921
7422
7672
7904
8335
8438
8538
8581
8625
8807
8968
8995
9001
9022
9177
9267
9429
9765
9890
9893
