62
22
151
432
453
959
1046
1137
1219
1496
1561
1689
1692
1882
1975
1979
2357
2556
2589
2629
2957
3089
3261
3343
3686
4114
4759
4762
4828
4839
4865
4894
4969
5105
5192
5262
5374
5475
5489
5522
5617
5620
5628
5739
6320
7046
7130
7406
7651
7760
7777
8054
8149
8196
8214
8653
8793
8822
8838
8944
9183
9464
9682
