62
31
188
280
300
501
892
917
1300
2036
2159
2174
2176
2348
2548
2636
2637
2640
2782
2795
3156
3541
3586
3663
3685
3937
4238
4346
4449
4456
4471
4700
4715
4741
4751
5072
5094
5190
5266
5278
5404
5847
5955
6033
6164
6330
6391
6578
7623
7701
7731
8054
8216
8330
8666
8748
8874
9181
9239
9301
9307
9542
9905
