125
19
31
67
188
272
280
300
311
400
407
468
489
501
727
751
816
892
917
1277
1300
1304
1456
1532
1646
1825
1998
2036
2159
2164
2174
2176
2348
2352
2443
2491
2537
2548
2566
2636
2637
2640
2782
2795
2915
3145
3156
3171
3217
3266
3304
3388
3401
3509
3541
3586
3663
3685
3799
3936
3937
4238
4346
4360
4449
4456
4471
4687
4700
4715
4741
4751
4885
5036
5072
5094
5190
5266
5278
5404
5677
5845
5847
5865
5911
5955
6033
6066
6164
6330
6391
6436
6510
6570
6578
6879
7095
7272
7315
7407
7604
7623
7701
7731
7784
7817
7852
7968
8054
8216
8281
8330
8415
8666
8744
8748
8874
9067
9150
9181
9239
9301
9307
9542
9905
9932
