62
45
79
196
494
676
832
853
899
1537
1562
1739
2166
2282
2398
2767
2768
3158
3493
3746
3750
3991
4038
4050
4150
4187
4330
4350
4453
4505
4913
4916
4973
5006
5095
5172
5543
5579
5646
5716
5784
5970
6071
6146
6201
6492
6597
6680
6792
6941
7060
7250
7753
8188
8376
8690
8876
9010
9259
9288
9512
9637
9920
