63
170
292
337
483
532
631
871
1031
1119
1310
1566
1763
2334
2336
2447
2578
3497
3662
3662
3887
3929
3931
4035
4154
4177
4335
4359
4429
4447
4552
4790
4977
5059
5090
5094
5095
5230
5756
5794
6053
6312
6430
6500
6669
6721
6743
6805
6980
7008
7089
7148
7357
7899
7942
8101
8338
8491
8598
8856
8906
8907
8962
9171
