63
162
536
560
577
733
752
806
935
980
1140
1150
1384
1384
1428
1504
1551
1814
2340
2398
2506
2601
2756
2769
2837
2922
3342
3815
3942
3989
3998
4242
4346
4364
4422
4850
4981
5130
5715
6423
6427
6452
6947
6963
7199
7326
7354
7371
7478
7530
7663
7768
7818
7944
8029
8073
8240
8563
8565
8788
8799
9278
9521
9814
