125
45
79
170
196
292
337
483
494
532
631
676
832
853
871
899
1031
1119
1310
1537
1562
1566
1739
1763
2166
2282
2334
2336
2398
2447
2578
2767
2768
3158
3493
3497
3662
3662
3746
3750
3887
3929
3931
3991
4035
4038
4050
4150
4154
4177
4187
4330
4335
4350
4359
4429
4447
4453
4505
4552
4790
4913
4916
4973
4977
5006
5059
5090
5094
5095
5095
5172
5230
5543
5579
5646
5716
5756
5784
5794
5970
6053
6071
6146
6201
6312
6430
6492
6500
6597
6669
6680
6721
6743
6792
6805
6941
6980
7008
7060
7089
7148
7250
7357
7753
7899
7942
8101
8188
8338
8376
8491
8598
8690
8856
8876
8906
8907
8962
9010
9171
9259
9288
9512
9637
9920
