62
50
71
228
265
393
514
613
634
1212
1267
1378
1418
1482
1561
1573
1684
1769
2091
2140
2469
2539
2671
2720
2770
3207
3794
3796
3818
3950
4058
4263
4813
4825
4991
5340
5386
5562
6027
6658
6663
6719
6873
7016
7217
7760
7983
8119
8174
8188
8201
8243
8433
9068
9191
9225
9226
9255
9520
9593
9801
9828
9929
