125
15
120
145
158
160
160
268
286
288
330
340
399
424
464
469
543
571
641
670
700
740
781
794
1242
1344
1449
1494
1556
1568
1604
1644
1942
2008
2084
2231
2282
2297
2355
2408
2522
2523
2554
2649
2667
2674
2722
2770
2782
2850
2912
3409
3476
3482
3741
3934
4037
4047
4201
4205
4230
4303
4505
4640
4656
4828
4828
4857
4921
5054
5296
5308
5436
5439
5536
5538
5568
5587
5592
5670
5839
5880
6024
6109
6143
6184
6264
6284
6324
6446
6447
6658
6696
6713
6759
6858
6903
7026
7038
7077
7130
7265
7307
7543
7613
7642
7891
7931
7946
7981
8059
8120
8206
8327
8621
8831
8950
9016
9242
9286
9500
9566
9598
9687
9767
9997
