125
24
113
192
234
346
433
529
616
832
878
935
958
1048
1106
1125
1171
1188
1231
1250
1255
1300
1308
1320
1430
1534
1887
1942
1954
1972
2097
2105
2248
2306
2368
2373
2436
2455
2585
2894
3082
3129
3175
3235
3307
3318
3384
3616
3690
3816
3826
3848
3911
4101
4121
4132
4321
4380
4496
4608
4635
4655
4788
4967
5092
5111
5145
5170
5216
5468
5488
5695
5766
5805
5852
5900
5982
6080
6207
6231
6345
6456
6520
6656
6751
6812
6905
6908
6915
6921
6934
7290
7422
7485
7603
7672
7887
7904
8004
8058
8089
8181
8335
8438
8538
8581
8625
8728
8807
8968
8995
9001
9021
9022
9049
9075
9153
9177
9267
9362
9429
9765
9814
9839
9890
9893
