62
68
190
279
391
433
434
853
1078
1141
1158
1205
1304
1418
1785
2129
2161
2208
2471
2603
2686
3072
3103
3170
3211
3380
3509
3877
3922
4061
4136
4409
4555
4811
4910
5121
5493
5854
5936
5965
6210
6281
6347
6348
6354
6772
6983
7263
7398
7731
7892
8150
8175
8537
8712
9099
9202
9203
9331
9413
9862
9949
9982
