63
37
186
209
253
479
488
757
772
1233
1327
1365
1620
1813
2164
2349
2376
2431
2438
2579
3159
3235
3306
3389
3389
3698
3748
3828
3908
4003
4023
4202
4230
4284
4324
4444
4677
4787
4978
5253
5431
5965
6189
6209
6242
6903
7095
7173
7222
7558
8205
8299
8341
8490
8518
8689
8746
8926
9045
9158
9589
9836
9970
9995
