63
19
67
272
311
400
407
468
489
727
751
816
1277
1304
1456
1532
1646
1825
1998
2164
2352
2443
2491
2537
2566
2915
3145
3171
3217
3266
3304
3388
3401
3509
3799
3936
4360
4687
4885
5036
5677
5845
5865
5911
6066
6436
6510
6570
6879
7095
7272
7315
7407
7604
7784
7817
7852
7968
8281
8415
8744
9067
9150
9932
