125
37
68
186
190
209
253
279
391
433
434
479
488
757
772
853
1078
1141
1158
1205
1233
1304
1327
1365
1418
1620
1785
1813
2129
2161
2164
2208
2349
2376
2431
2438
2471
2579
2603
2686
3072
3103
3159
3170
3211
3235
3306
3380
3389
3389
3509
3698
3748
3828
3877
3908
3922
4003
4023
4061
4136
4202
4230
4284
4324
4409
4444
4555
4677
4787
4811
4910
4978
5121
5253
5431
5493
5854
5936
5965
5965
6189
6209
6210
6242
6281
6347
6348
6354
6772
6903
6983
7095
7173
7222
7263
7398
7558
7731
7892
8150
8175
8205
8299
8341
8490
8518
8537
8689
8712
8746
8926
9045
9099
9158
9202
9203
9331
9413
9589
9836
9862
9949
9970
9982
9995
