125
34
124
162
350
450
477
500
536
560
577
584
679
693
733
752
770
806
833
873
935
945
980
1140
1150
1307
1384
1384
1419
1428
1504
1551
1633
1814
1991
2107
2112
2340
2398
2500
2504
2506
2601
2756
2769
2830
2837
2847
2874
2922
2953
3129
3318
3342
3686
3815
3942
3989
3998
4242
4269
4346
4364
4422
4494
4545
4796
4832
4850
4896
4981
5113
5130
5245
5715
5844
5947
6400
6423
6427
6452
6472
6641
6827
6846
6865
6947
6963
7176
7199
7234
7288
7321
7326
7354
7371
7478
7530
7663
7768
7818
7944
7960
8029
8068
8073
8116
8139
8159
8216
8240
8475
8563
8565
8788
8799
8939
8999
9172
9193
9258
9278
9361
9521
9574
9814
