62
34
124
350
450
477
500
584
679
693
770
833
873
945
1307
1419
1633
1991
2107
2112
2500
2504
2830
2847
2874
2953
3129
3318
3686
4269
4494
4545
4796
4832
4896
5113
5245
5844
5947
6400
6472
6641
6827
6846
6865
7176
7234
7288
7321
7960
8068
8116
8139
8159
8216
8475
8939
8999
9172
9193
9258
9361
9574
